  PexHelper.cpp
  PexReader.cpp
C:\Users\52508\source\repos\PexReader\PexReader\PexReader.cpp(144,13): warning C4273: 'C_GetVersion': inconsistent dll linkage
      C:\Users\52508\source\repos\PexReader\PexReader\PexReader.cpp(17,28):
      see previous definition of 'C_GetVersion'
  
C:\Users\52508\source\repos\PexReader\PexReader\PexReader.cpp(149,5): warning C4273: 'C_GetVersionLength': inconsistent dll linkage
      C:\Users\52508\source\repos\PexReader\PexReader\PexReader.cpp(18,20):
      see previous definition of 'C_GetVersionLength'
  
C:\Users\52508\source\repos\PexReader\PexReader\PexReader.cpp(187,5): warning C4273: 'C_ReadPex': inconsistent dll linkage
      C:\Users\52508\source\repos\PexReader\PexReader\PexReader.cpp(21,20):
      see previous definition of 'C_ReadPex'
  
C:\Users\52508\source\repos\PexReader\PexReader\PexReader.cpp(204,5): warning C4273: 'C_ModifyStringTable': inconsistent dll linkage
      C:\Users\52508\source\repos\PexReader\PexReader\PexReader.cpp(22,20):
      see previous definition of 'C_ModifyStringTable'
  
C:\Users\52508\source\repos\PexReader\PexReader\PexReader.cpp(224,5): warning C4273: 'C_SavePex': inconsistent dll linkage
      C:\Users\52508\source\repos\PexReader\PexReader\PexReader.cpp(23,20):
      see previous definition of 'C_SavePex'
  
C:\Users\52508\source\repos\PexReader\PexReader\PexReader.cpp(240,6): warning C4273: 'C_Close': inconsistent dll linkage
      C:\Users\52508\source\repos\PexReader\PexReader\PexReader.cpp(24,21):
      see previous definition of 'C_Close'
  
C:\Users\52508\source\repos\PexReader\PexReader\PexReader.cpp(246,16): warning C4273: 'C_GetHeaderSourceFileName': inconsistent dll linkage
      C:\Users\52508\source\repos\PexReader\PexReader\PexReader.cpp(27,31):
      see previous definition of 'C_GetHeaderSourceFileName'
  
C:\Users\52508\source\repos\PexReader\PexReader\PexReader.cpp(254,16): warning C4273: 'C_GetHeaderUsername': inconsistent dll linkage
      C:\Users\52508\source\repos\PexReader\PexReader\PexReader.cpp(28,31):
      see previous definition of 'C_GetHeaderUsername'
  
C:\Users\52508\source\repos\PexReader\PexReader\PexReader.cpp(262,16): warning C4273: 'C_GetHeaderMachineName': inconsistent dll linkage
      C:\Users\52508\source\repos\PexReader\PexReader\PexReader.cpp(29,31):
      see previous definition of 'C_GetHeaderMachineName'
  
C:\Users\52508\source\repos\PexReader\PexReader\PexReader.cpp(270,10): warning C4273: 'C_GetHeaderMagic': inconsistent dll linkage
      C:\Users\52508\source\repos\PexReader\PexReader\PexReader.cpp(30,25):
      see previous definition of 'C_GetHeaderMagic'
  
C:\Users\52508\source\repos\PexReader\PexReader\PexReader.cpp(275,9): warning C4273: 'C_GetHeaderMajorVersion': inconsistent dll linkage
      C:\Users\52508\source\repos\PexReader\PexReader\PexReader.cpp(31,24):
      see previous definition of 'C_GetHeaderMajorVersion'
  
C:\Users\52508\source\repos\PexReader\PexReader\PexReader.cpp(280,9): warning C4273: 'C_GetHeaderMinorVersion': inconsistent dll linkage
      C:\Users\52508\source\repos\PexReader\PexReader\PexReader.cpp(32,24):
      see previous definition of 'C_GetHeaderMinorVersion'
  
C:\Users\52508\source\repos\PexReader\PexReader\PexReader.cpp(285,10): warning C4273: 'C_GetHeaderGameId': inconsistent dll linkage
      C:\Users\52508\source\repos\PexReader\PexReader\PexReader.cpp(33,25):
      see previous definition of 'C_GetHeaderGameId'
  
C:\Users\52508\source\repos\PexReader\PexReader\PexReader.cpp(290,10): warning C4273: 'C_GetHeaderCompilationTime': inconsistent dll linkage
      C:\Users\52508\source\repos\PexReader\PexReader\PexReader.cpp(34,25):
      see previous definition of 'C_GetHeaderCompilationTime'
  
C:\Users\52508\source\repos\PexReader\PexReader\PexReader.cpp(296,10): warning C4273: 'C_GetStringTableCount': inconsistent dll linkage
      C:\Users\52508\source\repos\PexReader\PexReader\PexReader.cpp(37,25):
      see previous definition of 'C_GetStringTableCount'
  
C:\Users\52508\source\repos\PexReader\PexReader\PexReader.cpp(301,5): warning C4273: 'C_GetStringUtf8': inconsistent dll linkage
      C:\Users\52508\source\repos\PexReader\PexReader\PexReader.cpp(38,20):
      see previous definition of 'C_GetStringUtf8'
  
C:\Users\52508\source\repos\PexReader\PexReader\PexReader.cpp(322,5): warning C4273: 'C_GetStringWide': inconsistent dll linkage
      C:\Users\52508\source\repos\PexReader\PexReader\PexReader.cpp(39,20):
      see previous definition of 'C_GetStringWide'
  
C:\Users\52508\source\repos\PexReader\PexReader\PexReader.cpp(345,9): warning C4273: 'C_HasDebugInfo': inconsistent dll linkage
      C:\Users\52508\source\repos\PexReader\PexReader\PexReader.cpp(42,24):
      see previous definition of 'C_HasDebugInfo'
  
C:\Users\52508\source\repos\PexReader\PexReader\PexReader.cpp(350,10): warning C4273: 'C_GetDebugModificationTime': inconsistent dll linkage
      C:\Users\52508\source\repos\PexReader\PexReader\PexReader.cpp(43,25):
      see previous definition of 'C_GetDebugModificationTime'
  
C:\Users\52508\source\repos\PexReader\PexReader\PexReader.cpp(355,10): warning C4273: 'C_GetDebugFunctionCount': inconsistent dll linkage
      C:\Users\52508\source\repos\PexReader\PexReader\PexReader.cpp(44,25):
      see previous definition of 'C_GetDebugFunctionCount'
  
C:\Users\52508\source\repos\PexReader\PexReader\PexReader.cpp(360,5): warning C4273: 'C_GetDebugFunctionInfo': inconsistent dll linkage
      C:\Users\52508\source\repos\PexReader\PexReader\PexReader.cpp(45,20):
      see previous definition of 'C_GetDebugFunctionInfo'
  
C:\Users\52508\source\repos\PexReader\PexReader\PexReader.cpp(385,10): warning C4273: 'C_GetUserFlagCount': inconsistent dll linkage
      C:\Users\52508\source\repos\PexReader\PexReader\PexReader.cpp(50,25):
      see previous definition of 'C_GetUserFlagCount'
  
C:\Users\52508\source\repos\PexReader\PexReader\PexReader.cpp(390,5): warning C4273: 'C_GetUserFlagInfo': inconsistent dll linkage
      C:\Users\52508\source\repos\PexReader\PexReader\PexReader.cpp(51,20):
      see previous definition of 'C_GetUserFlagInfo'
  
C:\Users\52508\source\repos\PexReader\PexReader\PexReader.cpp(405,10): warning C4273: 'C_GetObjectCount': inconsistent dll linkage
      C:\Users\52508\source\repos\PexReader\PexReader\PexReader.cpp(54,25):
      see previous definition of 'C_GetObjectCount'
  
C:\Users\52508\source\repos\PexReader\PexReader\PexReader.cpp(410,5): warning C4273: 'C_GetObjectInfo': inconsistent dll linkage
      C:\Users\52508\source\repos\PexReader\PexReader\PexReader.cpp(55,20):
      see previous definition of 'C_GetObjectInfo'
  
C:\Users\52508\source\repos\PexReader\PexReader\PexReader.cpp(424,5): warning C4273: 'C_GetObjectData': inconsistent dll linkage
      C:\Users\52508\source\repos\PexReader\PexReader\PexReader.cpp(56,20):
      see previous definition of 'C_GetObjectData'
  
C:\Users\52508\source\repos\PexReader\PexReader\PexReader.cpp(443,10): warning C4273: 'C_GetVariableCount': inconsistent dll linkage
      C:\Users\52508\source\repos\PexReader\PexReader\PexReader.cpp(61,25):
      see previous definition of 'C_GetVariableCount'
  
C:\Users\52508\source\repos\PexReader\PexReader\PexReader.cpp(452,5): warning C4273: 'C_GetVariableInfo': inconsistent dll linkage
      C:\Users\52508\source\repos\PexReader\PexReader\PexReader.cpp(62,20):
      see previous definition of 'C_GetVariableInfo'
  
C:\Users\52508\source\repos\PexReader\PexReader\PexReader.cpp(499,10): warning C4273: 'C_GetPropertyCount': inconsistent dll linkage
      C:\Users\52508\source\repos\PexReader\PexReader\PexReader.cpp(68,25):
      see previous definition of 'C_GetPropertyCount'
  
C:\Users\52508\source\repos\PexReader\PexReader\PexReader.cpp(508,5): warning C4273: 'C_GetPropertyInfo': inconsistent dll linkage
      C:\Users\52508\source\repos\PexReader\PexReader\PexReader.cpp(69,20):
      see previous definition of 'C_GetPropertyInfo'
  
C:\Users\52508\source\repos\PexReader\PexReader\PexReader.cpp(535,10): warning C4273: 'C_GetStateCount': inconsistent dll linkage
      C:\Users\52508\source\repos\PexReader\PexReader\PexReader.cpp(75,25):
      see previous definition of 'C_GetStateCount'
  
C:\Users\52508\source\repos\PexReader\PexReader\PexReader.cpp(544,5): warning C4273: 'C_GetStateInfo': inconsistent dll linkage
      C:\Users\52508\source\repos\PexReader\PexReader\PexReader.cpp(76,20):
      see previous definition of 'C_GetStateInfo'
  
C:\Users\52508\source\repos\PexReader\PexReader\PexReader.cpp(565,5): warning C4273: 'C_GetStateFunctionInfo': inconsistent dll linkage
      C:\Users\52508\source\repos\PexReader\PexReader\PexReader.cpp(80,20):
      see previous definition of 'C_GetStateFunctionInfo'
  
C:\Users\52508\source\repos\PexReader\PexReader\PexReader.cpp(602,5): warning C4273: 'C_GetInstructionInfo': inconsistent dll linkage
      C:\Users\52508\source\repos\PexReader\PexReader\PexReader.cpp(88,20):
      see previous definition of 'C_GetInstructionInfo'
  
C:\Users\52508\source\repos\PexReader\PexReader\PexReader.cpp(635,5): warning C4273: 'C_GetInstructionArgument': inconsistent dll linkage
      C:\Users\52508\source\repos\PexReader\PexReader\PexReader.cpp(92,20):
      see previous definition of 'C_GetInstructionArgument'
  
C:\Users\52508\source\repos\PexReader\PexReader\PexReader.cpp(696,10): warning C4273: 'C_GetFunctionParamCount': inconsistent dll linkage
      C:\Users\52508\source\repos\PexReader\PexReader\PexReader.cpp(101,25):
      see previous definition of 'C_GetFunctionParamCount'
  
C:\Users\52508\source\repos\PexReader\PexReader\PexReader.cpp(717,5): warning C4273: 'C_GetFunctionParamInfo': inconsistent dll linkage
      C:\Users\52508\source\repos\PexReader\PexReader\PexReader.cpp(97,20):
      see previous definition of 'C_GetFunctionParamInfo'
  
C:\Users\52508\source\repos\PexReader\PexReader\PexReader.cpp(751,10): warning C4273: 'C_GetFunctionLocalCount': inconsistent dll linkage
      C:\Users\52508\source\repos\PexReader\PexReader\PexReader.cpp(109,25):
      see previous definition of 'C_GetFunctionLocalCount'
  
C:\Users\52508\source\repos\PexReader\PexReader\PexReader.cpp(772,5): warning C4273: 'C_GetFunctionLocalInfo': inconsistent dll linkage
      C:\Users\52508\source\repos\PexReader\PexReader\PexReader.cpp(105,20):
      see previous definition of 'C_GetFunctionLocalInfo'
  
C:\Users\52508\source\repos\PexReader\PexReader\PexReader.cpp(806,6): warning C4273: 'C_FreeBuffer': inconsistent dll linkage
      C:\Users\52508\source\repos\PexReader\PexReader\PexReader.cpp(113,21):
      see previous definition of 'C_FreeBuffer'
  
  PexSections.cpp
  PexStringTable.cpp
     Creating library C:\Users\52508\source\repos\PexReader\x64\Release\Pex.Interop.lib and object C:\Users\52508\source\repos\PexReader\x64\Release\Pex.Interop.exp
  Generating code
  Previous IPDB not found, fall back to full compilation.
  All 1317 functions were compiled because no usable IPDB/IOBJ from previous compilation was found.
  Finished generating code
  PexReader.vcxproj -> C:\Users\52508\source\repos\PexReader\x64\Release\Pex.Interop.dll
